// Jest Snapshot v1, https://goo.gl/fbAQLP

exports[`<GridText /> should render 1`] = `
.c3 {
  color: #0A1128;
  font-size: 6.4rem;
  text-transform: uppercase;
}

.c7 {
  color: #0A1128;
  font-size: 2.4rem;
  text-transform: uppercase;
}

.c5 {
  display: grid;
  grid-template-columns: repeat(auto-fill,minmax(280px,1fr));
  gap: 4rem;
  counter-reset: grid-counter;
  margin-top: 6.4rem;
}

.c6 .c2 {
  position: relative;
  left: 5rem;
}

.c6 .c2::before {
  counter-increment: grid-counter;
  content: counter(grid-counter);
  position: absolute;
  font-size: 6.4rem;
  top: -3rem;
  left: -5rem;
  -webkit-transform: rotate(10deg);
  -ms-transform: rotate(10deg);
  transform: rotate(10deg);
}

.c1 {
  max-width: 120rem;
  margin: 0 auto;
  padding: 3.2rem;
}

.c0 {
  display: -webkit-box;
  display: -webkit-flex;
  display: -ms-flexbox;
  display: flex;
  -webkit-align-items: center;
  -webkit-box-align: center;
  -ms-flex-align: center;
  align-items: center;
  min-height: 100vh;
  background: #FFFFFF;
  color: #0A1128;
}

.c4 {
  font-size: 2.4rem;
}

@media (max-width:768px) {
  .c3 {
    font-size: 4rem;
  }
}

<div>
  <div
    class="c0"
  >
    <div
      class="c1"
    >
      <div
        class=""
      >
        <h2
          class="c2 c3"
        >
          My grid
        </h2>
        <div
          class="c4"
        >
          Atque doloribus nobis laudantium esse ut, non commodi maxime distinctio veritatis unde
        </div>
        <div
          class="c5"
        >
          <div
            class="c6"
          >
            <h3
              class="c2 c7"
            >
              Teste 1
            </h3>
            <div
              class="c4"
            >
              Lorem ipsum dolor sit, amet consectetur adipisicing elit. Debitis cum delectus molestias. Atque doloribus nobis laudantium esse ut, non commodi maxime distinctio veritatis unde, reprehenderit minus ad dolores provident maiores.
            </div>
          </div>
          <div
            class="c6"
          >
            <h3
              class="c2 c7"
            >
              Teste 2
            </h3>
            <div
              class="c4"
            >
              Lorem ipsum dolor sit, amet consectetur adipisicing elit. Debitis cum delectus molestias. Atque doloribus nobis laudantium esse ut, non commodi maxime distinctio veritatis unde, reprehenderit minus ad dolores provident maiores.
            </div>
          </div>
          <div
            class="c6"
          >
            <h3
              class="c2 c7"
            >
              Teste 3
            </h3>
            <div
              class="c4"
            >
              Lorem ipsum dolor sit, amet consectetur adipisicing elit. Debitis cum delectus molestias. Atque doloribus nobis laudantium esse ut, non commodi maxime distinctio veritatis unde, reprehenderit minus ad dolores provident maiores.
            </div>
          </div>
        </div>
      </div>
    </div>
  </div>
</div>
`;
